

================================================================
== Vivado HLS Report for 'calculateDistanceFor'
================================================================
* Date:           Thu Jul 28 06:40:28 2022

* Version:        2019.1 (Build 2552052 on Fri May 24 15:28:33 MDT 2019)
* Project:        viterbi_2_1_4
* Solution:       solution1
* Product family: spartan7
* Target device:  xc7s100-fgga676-2


================================================================
== Performance Estimates
================================================================
+ Timing (ns): 
    * Summary: 
    +--------+-------+----------+------------+
    |  Clock | Target| Estimated| Uncertainty|
    +--------+-------+----------+------------+
    |ap_clk  |  10.00|     3.427|        1.25|
    +--------+-------+----------+------------+

+ Latency (clock cycles): 
    * Summary: 
    +-----+-----+-----+-----+----------+
    |  Latency  |  Interval | Pipeline |
    | min | max | min | max |   Type   |
    +-----+-----+-----+-----+----------+
    |    0|    0|    1|    1| function |
    +-----+-----+-----+-----+----------+

    + Detail: 
        * Instance: 
        N/A

        * Loop: 
        N/A



================================================================
== Utilization Estimates
================================================================
* Summary: 
+-----------------+---------+-------+--------+-------+-----+
|       Name      | BRAM_18K| DSP48E|   FF   |  LUT  | URAM|
+-----------------+---------+-------+--------+-------+-----+
|DSP              |        -|      -|       -|      -|    -|
|Expression       |        -|      -|       0|     33|    -|
|FIFO             |        -|      -|       -|      -|    -|
|Instance         |        -|      -|       -|      -|    -|
|Memory           |        -|      -|       -|      -|    -|
|Multiplexer      |        -|      -|       -|      -|    -|
|Register         |        -|      -|       -|      -|    -|
+-----------------+---------+-------+--------+-------+-----+
|Total            |        0|      0|       0|     33|    0|
+-----------------+---------+-------+--------+-------+-----+
|Available        |      240|    160|  128000|  64000|    0|
+-----------------+---------+-------+--------+-------+-----+
|Utilization (%)  |        0|      0|       0|   ~0  |    0|
+-----------------+---------+-------+--------+-------+-----+

+ Detail: 
    * Instance: 
    N/A

    * DSP48E: 
    N/A

    * Memory: 
    N/A

    * FIFO: 
    N/A

    * Expression: 
    +-----------------------+----------+-------+---+----+------------+------------+
    |     Variable Name     | Operation| DSP48E| FF| LUT| Bitwidth P0| Bitwidth P1|
    +-----------------------+----------+-------+---+----+------------+------------+
    |add_ln233_fu_74_p2     |     +    |      0|  0|  15|           8|           8|
    |and_ln233_fu_60_p2     |    and   |      0|  0|   2|           1|           1|
    |or_ln233_fu_80_p2      |    or    |      0|  0|   2|           1|           1|
    |ap_return              |  select  |      0|  0|   8|           1|           8|
    |select_ln233_fu_66_p3  |  select  |      0|  0|   2|           1|           2|
    |xor_ln233_1_fu_54_p2   |    xor   |      0|  0|   2|           1|           1|
    |xor_ln233_fu_48_p2     |    xor   |      0|  0|   2|           1|           1|
    +-----------------------+----------+-------+---+----+------------+------------+
    |Total                  |          |      0|  0|  33|          14|          22|
    +-----------------------+----------+-------+---+----+------------+------------+

    * Multiplexer: 
    N/A

    * Register: 
    N/A



================================================================
== Interface
================================================================
* Summary: 
+------------------+-----+-----+------------+----------------------+--------------+
|     RTL Ports    | Dir | Bits|  Protocol  |     Source Object    |    C Type    |
+------------------+-----+-----+------------+----------------------+--------------+
|ap_ready          | out |    1| ap_ctrl_hs | calculateDistanceFor | return value |
|ap_return         | out |    8| ap_ctrl_hs | calculateDistanceFor | return value |
|p_read            |  in |    1|   ap_none  |        p_read        |    scalar    |
|p_read1           |  in |    1|   ap_none  |        p_read1       |    scalar    |
|firstBit          |  in |    1|   ap_none  |       firstBit       |    scalar    |
|secondBit         |  in |    1|   ap_none  |       secondBit      |    scalar    |
|previousDistance  |  in |    8|   ap_none  |   previousDistance   |    scalar    |
+------------------+-----+-----+------------+----------------------+--------------+

